<html>
<body>
<pre>
<h1>µVision Build Log</h1>
<h2>Tool Versions:</h2>
IDE-Version: µVision V5.28.0.0
Copyright (C) 2019 ARM Ltd and ARM Germany GmbH. All rights reserved.
License Information: Emre Karabek, AssemCorp, LIC=----
 
Tool Versions:
Toolchain:       MDK-Lite  Version: 5.28.0.0
Toolchain Path:  C:\Keil_v5\ARM\ARMCC\Bin
C Compiler:      Armcc.exe V5.06 update 6 (build 750)
Assembler:       Armasm.exe V5.06 update 6 (build 750)
Linker/Locator:  ArmLink.exe V5.06 update 6 (build 750)
Library Manager: ArmAr.exe V5.06 update 6 (build 750)
Hex Converter:   FromElf.exe V5.06 update 6 (build 750)
CPU DLL:         SARMCM3.DLL V5.28.0.0
Dialog DLL:      DARMCM1.DLL V1.19.2.0
Target DLL:      Segger\JL2CM3.dll V2.99.36.0
Dialog DLL:      TARMCM1.DLL V1.14.1.0
 
<h2>Project:</h2>
C:\Project\PUYA\Firmware\PY32T020\PY32T020_Touch\Project\MDK-ARM\Py32t020xx_Touch.uvprojx
Project File Date:  03/05/2026

<h2>Output:</h2>
*** Using Compiler 'V5.06 update 6 (build 750)', folder: 'C:\Keil_v5\ARM\ARMCC\Bin'
Build target 'Py32t020xx'
compiling tim14_drivers.c...
compiling uart_drivers.c...
compiling drivers.c...
compiling uart_task.c...
compiling argb_task.c...
compiling tm1624.c...
compiling adc_drivers.c...
compiling beep_drivers.c...
compiling main.c...
compiling adc_task.c...
compiling smg_task.c...
compiling tim1_drivers.c...
compiling smg_drivers.c...
compiling tm1640.c...
compiling ir_received.c...
compiling user-otp_drivers.c...
compiling spi-led_drivers.c...
compiling tk_user.c...
linking...
Program Size: Code=13444 RO-data=1108 RW-data=168 ZI-data=1520  
FromELF: creating hex file...
".\Output\Py32t020xx_TouchKey_StartKit.axf" - 0 Error(s), 0 Warning(s).

<h2>Software Packages used:</h2>

Package Vendor: ARM
                https://www.keil.com/pack/ARM.CMSIS.6.1.0.pack
                ARM.CMSIS.6.1.0
                CMSIS (Common Microcontroller Software Interface Standard)
   * Component: CORE Version: 6.1.0

Package Vendor: Puya
                https://www.puyasemi.com/uploadfiles/Puya.PY32T0xx_DFP.1.0.2.pack
                Puya.PY32T0xx_DFP.1.0.2
                Puya PY32T0 Series Device Support

<h2>Collection of Component include folders:</h2>
  .\RTE\_Py32t020xx
  C:\Users\emre.karabek\AppData\Local\Arm\Packs\ARM\CMSIS\6.1.0\CMSIS\Core\Include
  C:\Users\emre.karabek\AppData\Local\Arm\Packs\Puya\PY32T0xx_DFP\1.0.2\Drivers\CMSIS\Device\PY\PY32T0xx\Include

<h2>Collection of Component Files used:</h2>

   * Component: ARM::CMSIS:CORE:6.1.0
Build Time Elapsed:  00:00:02
</pre>
</body>
</html>
